<UNICODE-MAC><ParaStyle:章番号・連載回数>章番号：3章（書籍や特集の場合）<ParaStyle:章番号・連載回数>連載回数：第5回（連載の場合）<ParaStyle:タイトル>タイトル：章のタイトルや連載の各回タイトル<ParaStyle:キャッチ>キャッチ：章のキャッチや記事の各回キャッチ<ParaStyle:大見出し>見出し1（大見出し、節）<ParaStyle:中見出し>見出し2（中見出し、項）<ParaStyle:小見出し>見出し3（小見出し、目）<ParaStyle:本文>　段落冒頭の字下げは、このように手動でお願いします。改行は、（改行）このように自動で取り除かれます。<ParaStyle:本文>　通常の本文<CharStyle:太字>強調（ボールド）<CharStyle:>通常の本文<CharStyle:イタリック（変形斜体）>斜体（イタリック）<CharStyle:>通常の本文<CharStyle:コマンド>インラインのコード<CharStyle:>通常の本文<cstyle:上付き><fnStart:><pstyle:注釈>注釈ですよ。<fnEnd:><cstyle:>通常の本文<cFont:Key Mother><00A9><cFont:>（←キーボードフォント）<CharStyle:赤字>赤文字<CharStyle:>通常の本文<cr:1><crstr:ほかむら><cmojir:0>外村<cr:><crstr:><cmojir:>（←ルビ）。<ParaStyle:引用><ParaStyle:引用>引用です引用です引用です引用です引用です引用です引用です引用です引用です引用です引用です引用です引用です引用です引用です引用です引用です引用です引用です引用です引用です引用です引用です引用です<CharStyle:太字>強調<CharStyle:>引用です<CharStyle:イタリック（変形斜体）>イタリック<CharStyle:>引用です引用です引用です引用です引用です<ParaStyle:コラム本文><ParaStyle:コラムタイトル>コラム見出し<ParaStyle:コラム本文>　コラム本文コラム本文コラム本文コラム本文コラム本文コラム本文コラム本文コラム本文コラム本文コラム本文コラム。<ParaStyle:コラム小見出し>コラム小見出し<ParaStyle:コラム本文>　コラム内でも<CharStyle:太字>強調<CharStyle:>や<CharStyle:イタリック（変形斜体）>イタリック<CharStyle:>などが使えます。<ParaStyle:中見出し>箇条書き（リスト）いろいろ<ParaStyle:小見出し>通常の箇条書き<ParaStyle:箇条書き>・通常の箇条書き<ParaStyle:箇条書き>・通常の箇条書き<ParaStyle:箇条書き>・通常の箇条書き<ParaStyle:箇条書き>・<CharStyle:太字>強調<CharStyle:><ParaStyle:箇条書き>・<CharStyle:イタリック（変形斜体）>イタリック<CharStyle:><ParaStyle:小見出し>連番箇条書き（黒丸数字、連番の場合のデフォルト）<ParaStyle:箇条書き><CharStyle:丸文字><2776><CharStyle:>連番箇条書き（黒丸数字）<ParaStyle:箇条書き><CharStyle:丸文字><2777><CharStyle:>連番箇条書き（黒丸数字）<ParaStyle:箇条書き><CharStyle:丸文字><2778><CharStyle:>連番箇条書き（黒丸数字）<ParaStyle:箇条書き><CharStyle:丸文字><2779><CharStyle:>連番箇条書き（黒丸数字）<ParaStyle:箇条書き><CharStyle:丸文字><277a><CharStyle:>連番箇条書き（黒丸数字）<ParaStyle:小見出し>連番箇条書き（白丸数字、重複などの事情で黒丸では不都合なとき）<ParaStyle:箇条書き><CharStyle:丸文字><2460><CharStyle:>連番箇条書き（白丸数字）<ParaStyle:箇条書き><CharStyle:丸文字><2461><CharStyle:>連番箇条書き（白丸数字）<ParaStyle:箇条書き><CharStyle:丸文字><2462><CharStyle:>連番箇条書き（白丸数字）<ParaStyle:箇条書き><CharStyle:丸文字><2463><CharStyle:>連番箇条書き（白丸数字）<ParaStyle:箇条書き><CharStyle:丸文字><2464><CharStyle:>連番箇条書き（白丸数字）<ParaStyle:小見出し>連番箇条書き（黒四角数字）<ParaStyle:箇条書き><cTypeface:B><cFont:A-OTF ゴシックMB101 Pro><cotfcalt:0><cotfl:nalt,7>1<cTypeface:><cFont:><cotfcalt:><cotfl:>連番箇条書き（黒四角数字）<ParaStyle:箇条書き><cTypeface:B><cFont:A-OTF ゴシックMB101 Pro><cotfcalt:0><cotfl:nalt,7>2<cTypeface:><cFont:><cotfcalt:><cotfl:>連番箇条書き（黒四角数字）<ParaStyle:箇条書き><cTypeface:B><cFont:A-OTF ゴシックMB101 Pro><cotfcalt:0><cotfl:nalt,7>3<cTypeface:><cFont:><cotfcalt:><cotfl:>連番箇条書き（黒四角数字）<ParaStyle:箇条書き><cTypeface:B><cFont:A-OTF ゴシックMB101 Pro><cotfcalt:0><cotfl:nalt,7>4<cTypeface:><cFont:><cotfcalt:><cotfl:>連番箇条書き（黒四角数字）<ParaStyle:箇条書き><cTypeface:B><cFont:A-OTF ゴシックMB101 Pro><cotfcalt:0><cotfl:nalt,7>5<cTypeface:><cFont:><cotfcalt:><cotfl:>連番箇条書き（黒四角数字）<ParaStyle:小見出し>連番箇条書き（アルファベット）<ParaStyle:箇条書き><CharStyle:丸文字><cLigatures:0><cOTFContAlt:0><cOTFeatureList:nalt,3>a<cLigatures:><cOTFContAlt:><cOTFeatureList:><CharStyle:>連番箇条書き（アルファベット）<ParaStyle:箇条書き><CharStyle:丸文字><cLigatures:0><cOTFContAlt:0><cOTFeatureList:nalt,3>b<cLigatures:><cOTFContAlt:><cOTFeatureList:><CharStyle:>連番箇条書き（アルファベット）<ParaStyle:箇条書き><CharStyle:丸文字><cLigatures:0><cOTFContAlt:0><cOTFeatureList:nalt,3>c<cLigatures:><cOTFContAlt:><cOTFeatureList:><CharStyle:>連番箇条書き（アルファベット）<ParaStyle:箇条書き><CharStyle:丸文字><cLigatures:0><cOTFContAlt:0><cOTFeatureList:nalt,3>d<cLigatures:><cOTFContAlt:><cOTFeatureList:><CharStyle:>連番箇条書き（アルファベット）<ParaStyle:箇条書き><CharStyle:丸文字><cLigatures:0><cOTFContAlt:0><cOTFeatureList:nalt,3>e<cLigatures:><cOTFContAlt:><cOTFeatureList:><CharStyle:>連番箇条書き（アルファベット）<ParaStyle:小見出し>本文やリスト中での番号<ParaStyle:本文>　箇条書き以外の本文やリスト中で番号を書きたいときは、<CharStyle:丸文字><2776><CharStyle:>、<CharStyle:丸文字><2777><CharStyle:>、<CharStyle:丸文字><2460><CharStyle:>、<CharStyle:丸文字><2461><CharStyle:>、<cTypeface:B><cFont:A-OTF ゴシックMB101 Pro><cotfcalt:0><cotfl:nalt,7>1<cTypeface:><cFont:><cotfcalt:><cotfl:>、<cTypeface:B><cFont:A-OTF ゴシックMB101 Pro><cotfcalt:0><cotfl:nalt,7>2<cTypeface:><cFont:><cotfcalt:><cotfl:>、<CharStyle:丸文字><cLigatures:0><cOTFContAlt:0><cOTFeatureList:nalt,3>a<cLigatures:><cOTFContAlt:><cOTFeatureList:><CharStyle:>、<CharStyle:丸文字><cLigatures:0><cOTFContAlt:0><cOTFeatureList:nalt,3>b<cLigatures:><cOTFContAlt:><cOTFeatureList:><CharStyle:>のように書いてください。<ParaStyle:箇条書き><cTypeface:B><cFont:A-OTF ゴシックMB101 Pro><cotfcalt:0><cotfl:nalt,7>1<cTypeface:><cFont:><cotfcalt:><cotfl:>hogehogeをします<ParaStyle:箇条書き><cTypeface:B><cFont:A-OTF ゴシックMB101 Pro><cotfcalt:0><cotfl:nalt,7>2<cTypeface:><cFont:><cotfcalt:><cotfl:>fugafugaと<cTypeface:B><cFont:A-OTF ゴシックMB101 Pro><cotfcalt:0><cotfl:nalt,7>1<cTypeface:><cFont:><cotfcalt:><cotfl:>の結果を足し合わせます<ParaStyle:本文>　リスト1.1<CharStyle:丸文字><2460><CharStyle:>ではアラートを出しています。<CharStyle:丸文字><2461><CharStyle:>でもアラートを出しています。(a1)エスケープできます。<ParaStyle:リスト><ParaStyle:キャプション>リスト1.1	キャプション（コードのタイトル）<ParaStyle:リスト>function hoge() {<ParaStyle:リスト>    alert(foo);　… <CharStyle:丸文字><2460><CharStyle:><ParaStyle:リスト>    alert(bar);　… <CharStyle:丸文字><2461><CharStyle:><ParaStyle:リスト>    alert(c1); // \でエスケープできます<ParaStyle:リスト>}<ParaStyle:中見出し>ソースコード<ParaStyle:小見出し>本文埋め込みコード<ParaStyle:本文>　本文中で流れでコードを掲載するときに使用します。<ParaStyle:リスト><ParaStyle:リスト>function <CharStyle:コマンド太字>foo<CharStyle:>(a) { // コード内強調<ParaStyle:リスト>    alert(a); <CharStyle:リストコメント> こんな風にコメントがつけられます <CharStyle:><ParaStyle:リスト>}<ParaStyle:リスト><ParaStyle:リスト><CharStyle:リストコメント> 見出し的にも使えます <CharStyle:><ParaStyle:リスト>function bar(b) {<ParaStyle:リスト>    alert(b);<ParaStyle:リスト>}<ParaStyle:本文>　このように、上下に本文が入ります。<ParaStyle:本文>　本文から一連の流れで読んでもらうことができますが、コードがページをまたぐ可能性がございます。<ParaStyle:小見出し>リスト（名前付きのコード）<CharStyle:赤字>★<CharStyle:>要キャプション<CharStyle:赤字>★<CharStyle:><ParaStyle:本文>　リストは、本文とは別ボックス（別なパーツ）として紙面の端に寄せてレイアウトしますので、コードがページをまたぐことはございません（1ページを超えるコードはまたぎますけど）。<ParaStyle:本文>　以下、このリストや後述する図や表など、別ボックスものの場合のご注意点です。<ParaStyle:箇条書き>・キャプション（タイトル）が必須です<ParaStyle:箇条書き>・「<CharStyle:太字>リスト1.1<CharStyle:>をご覧ください」「○○のコードを示します（<CharStyle:太字>リスト1.1<CharStyle:>）」「○○を<CharStyle:太字>表1.1<CharStyle:>にまとめました」みたいな感じで、本文から番号で参照してください<ParaStyle:箇条書き>・初出時のみ<CharStyle:太字>リスト1.1<CharStyle:>のように強調にします（2度目以降は通常の本文です）<ParaStyle:箇条書き>・書籍は図1.1のように「章番号.図番号」というナンバリングですが、WEB+DB PRESSは図1のような図番号のみのナンバリングです<ParaStyle:本文>（このドキュメントでは、別ボックスものは見出しに<CharStyle:赤字>★<CharStyle:>要キャプション<CharStyle:赤字>★<CharStyle:>と書いています）<ParaStyle:リスト><ParaStyle:キャプション>リスト1.1	キャプション（コードのタイトル）<ParaStyle:リスト>function <CharStyle:コマンド太字>foo<CharStyle:>(a) { // コード内強調<ParaStyle:リスト>    alert(a); <CharStyle:リストコメント> こんな風にコメントがつけられます <CharStyle:><ParaStyle:リスト>}<ParaStyle:リスト><ParaStyle:リスト><CharStyle:イタリック（変形斜体）>foo('bar');<CharStyle:> // コード内<CharStyle:イタリック（変形斜体）>イタリック<CharStyle:><CharStyle:赤字>★<CharStyle:>本文と記法を変えています<CharStyle:赤字>★<CharStyle:><ParaStyle:リスト><CharStyle:コマンド太字>foo('baz');<CharStyle:>   // コード内<CharStyle:コマンド太字>強調<CharStyle:><ParaStyle:リスト><ParaStyle:リスト><CharStyle:リストコメント> 見出し的にも使えます <CharStyle:><ParaStyle:リスト>function bar(b) {<ParaStyle:リスト>    alert(b);<ParaStyle:リスト>}<ParaStyle:中見出し>コマンドの実行結果<ParaStyle:本文>　コマンドは、「!!! cmd」と付けていただく必要があるだけで、基本的には上記ソースコードと同じです。<ParaStyle:本文>　ただし、呼称が「リスト」ではなく「図」となります。また、コマンド行の行頭にはプロンプトを付けてください。<ParaStyle:小見出し>本文埋め込みコマンド<ParaStyle:本文><CharStyle:赤字>★<CharStyle:>WEB+DB PRESSや一部の書籍では「本文埋め込みコマンド」は未使用です。これらの媒体では、この用途でも「本文埋め込みコード」と同じ書き方をしてください<CharStyle:赤字>★<CharStyle:><ParaStyle:リスト白文字><ParaStyle:リスト白文字>$ command  <CharStyle:コマンド太字>foo<CharStyle:> // コマンド内強調<ParaStyle:リスト白文字><CharStyle:イタリック（変形斜体）>foo('bar');<CharStyle:>  // コマンド内<CharStyle:イタリック（変形斜体）>イタリック<CharStyle:><CharStyle:赤字>★<CharStyle:>本文と記法を変えています<CharStyle:赤字>★<CharStyle:><ParaStyle:リスト白文字>bar <CharStyle:リストコメント白地黒文字> こんな風にコメントがつけられます <CharStyle:><ParaStyle:リスト白文字><ParaStyle:リスト白文字><CharStyle:リストコメント白地黒文字> 見出し的にも使えます <CharStyle:><ParaStyle:リスト白文字>function bar(b) {<ParaStyle:リスト白文字>    alert(b);<ParaStyle:リスト白文字>}<ParaStyle:小見出し>図（名前付きのコマンド）<CharStyle:赤字>★<CharStyle:>要キャプション<CharStyle:赤字>★<CharStyle:><ParaStyle:リスト白文字><ParaStyle:キャプション>図1.1	キャプション（コマンドのタイトル）<ParaStyle:リスト白文字>$ command  <CharStyle:コマンド太字>foo<CharStyle:> // コマンド内強調<ParaStyle:リスト白文字>bar <CharStyle:リストコメント白地黒文字> こんな風にコメントがつけられます <CharStyle:><ParaStyle:リスト白文字><ParaStyle:リスト白文字><CharStyle:リストコメント白地黒文字> 見出し的にも使えます <CharStyle:><ParaStyle:リスト白文字>function bar(b) {<ParaStyle:リスト白文字>    alert(b);<ParaStyle:リスト白文字>}<ParaStyle:中見出し>図<CharStyle:赤字>★<CharStyle:>要キャプション<CharStyle:赤字>★<CharStyle:><ParaStyle:本文>　スクリーンショットなど、別ファイルを参照する図です。前述したように書籍は図1.1、WEB+DB PRESSは図1のようなナンバリングです。<ParaStyle:キャプション>図1.1	キャプション（図のタイトル<CharStyle:イタリック>italic<CharStyle:>）[figure/sample.png]<ParaStyle:中見出し>表<CharStyle:赤字>★<CharStyle:>要キャプション<CharStyle:赤字>★<CharStyle:><ParaStyle:表><ParaStyle:キャプション>表1.1	キャプション（表のタイトル）<ParaStyle:表見出し行>表タイトル1	表タイトル2<ParaStyle:表>内容1	内容2<ParaStyle:表>内容1	内容2<ParaStyle:中見出し>その他の記号<ParaStyle:本文><cTypeface:R-KL><cFont:A-OTF リュウミン Pr5><27A1><cTypeface:><cFont:><cTypeface:R-KL><cFont:A-OTF リュウミン Pr5><2B05><cTypeface:><cFont:><cTypeface:R-KL><cFont:A-OTF リュウミン Pr5><2B06><cTypeface:><cFont:><cTypeface:R-KL><cFont:A-OTF リュウミン Pr5><2B07><cTypeface:><cFont:><ParaStyle:本文><21D4><ParaStyle:本文><2267><2266><ParaStyle:中見出し>キーボードフォント<ParaStyle:本文><cFont:KeyMother>A<cFont:>～<cFont:KeyMother>Z<cFont:><ParaStyle:本文><cFont:KeyMother>a<cFont:>～<cFont:KeyMother>z<cFont:><ParaStyle:本文><cFont:KeyMother>0<cFont:>～<cFont:KeyMother>9<cFont:><ParaStyle:本文><cFont:Key Snd Mother>!<cFont:>～<cFont:Key Snd Mother>,<cFont:><ParaStyle:本文><cFont:Key Snd Mother>z<cFont:><cFont:Key Snd Mother>|<cFont:><cFont:Key Snd Mother>{<cFont:><cFont:Key Snd Mother>y<cFont:><ParaStyle:本文><cFont:Key Snd Mother>n<cFont:><ParaStyle:本文><cFont:Key Snd Mother>m<cFont:><ParaStyle:本文><cFont:Key Snd Mother>l<cFont:><cFont:Key Snd Mother>l<cFont:><ParaStyle:本文><cFont:Key Snd Mother>`<cFont:><ParaStyle:本文><cFont:Key Snd Mother>k<cFont:><ParaStyle:本文><cFont:Key Snd Mother>j<cFont:><ParaStyle:本文><cFont:Key Snd Mother>g<cFont:><ParaStyle:本文><cFont:Key Snd Mother>f<cFont:><ParaStyle:本文><cFont:Key Snd Mother>s<cFont:><ParaStyle:本文><cFont:Key Snd Mother>e<cFont:><ParaStyle:本文><cFont:Key Snd Mother>o<cFont:><ParaStyle:本文><cFont:Key Snd Mother>p<cFont:><ParaStyle:本文><cFont:Key Snd Mother>d<cFont:><ParaStyle:本文><cFont:Key Snd Mother>c<cFont:><cFont:Key Snd Mother>b<cFont:><ParaStyle:本文><cFont:Key Mother><00A9><cFont:><ParaStyle:本文><cFont:KeyMother>!<cFont:><ParaStyle:本文><cFont:KeyMother>#<cFont:><ParaStyle:本文><cFont:KeyMother>$<cFont:><ParaStyle:本文><cFont:KeyMother>%<cFont:><ParaStyle:本文><cFont:KeyMother>&<cFont:><ParaStyle:本文><cFont:KeyMother>'<cFont:><ParaStyle:本文><cFont:KeyMother>(<cFont:><cFont:KeyMother>)<cFont:><ParaStyle:本文><cFont:KeyMother>[<cFont:><cFont:KeyMother>]<cFont:><ParaStyle:本文><cFont:KeyMother>=<cFont:><ParaStyle:本文><cFont:KeyMother>-<cFont:><ParaStyle:本文><cFont:KeyMother>^<cFont:><ParaStyle:本文><cFont:KeyMother>~<cFont:><ParaStyle:本文><cFont:KeyMother>|<cFont:><ParaStyle:本文><cFont:KeyMother>+<cFont:><ParaStyle:本文><cFont:KeyMother>*<cFont:><ParaStyle:本文><cFont:KeyMother>;<cFont:><ParaStyle:本文><cFont:KeyMother>:<cFont:><ParaStyle:本文><cFont:KeyMother>,<cFont:><ParaStyle:本文><cFont:KeyMother>.<cFont:><ParaStyle:本文><cFont:KeyMother>/<cFont:><ParaStyle:本文><cFont:KeyMother>?<cFont:><ParaStyle:本文><cFont:KeyMother>_<cFont:><ParaStyle:本文><cFont:KeyMother>@<cFont:><ParaStyle:本文><cFont:KeyMother>`<cFont:><ParaStyle:本文><cFont:KeyMother>"<cFont:><ParaStyle:中見出し>区切り線<ParaStyle:本文>　「<CharStyle:イタリック>-<CharStyle:>-<CharStyle:イタリック（変形斜体）>」「<CharStyle:>」といった記法にしていたのですが、イタリックになってしまうので以下の記法にしました。<ParaStyle:区切り線><ParaStyle:大見出し>markdown2inao.pl未対応事項<ParaStyle:本文>　以下は、その記事・書籍では必要ないものだった、重要性が低かった、対応がちょっと大変そうだった、執筆終了後に思いついた、などにより未対応です。<ParaStyle:本文>　ご対応いただけそうなものがあれば、ぜひご対応いただけると助かります。<ParaStyle:中見出し>リバース処理<ParaStyle:本文>　inao2markdown.plはございません。<ParaStyle:中見出し>イタリックの自動使い分け<ParaStyle:本文>　斜体は、<ParaStyle:箇条書き>・イタリックフォントに置き換えるスタイル（<CharStyle:イタリック>italic<CharStyle:>）<ParaStyle:箇条書き>・その場のフォントのまま文字を傾けるスタイル（<CharStyle:イタリック（変形斜体）>italic<CharStyle:>）<ParaStyle:本文>の2種類がございます。<ParaStyle:本文>　実際の誌面では、本文では<CharStyle:イタリック>italic<CharStyle:>を、それ以外では<CharStyle:イタリック（変形斜体）>italic<CharStyle:>を使います。<ParaStyle:本文>　でもご執筆者の方はそれを意識していただく必要なく、同じ<CharStyle:イタリック>italic<CharStyle:>という書式で、<ParaStyle:箇条書き>・本文では<CharStyle:イタリック>italic<CharStyle:><ParaStyle:箇条書き>・箇条書き、コラム、引用では<CharStyle:イタリック（変形斜体）>italic<CharStyle:><ParaStyle:本文>に自動変換されます（リストやコマンドの斜体はコードとの重複を避けるため書式が<CharStyle:太字>italic<CharStyle:>です。そして<CharStyle:イタリック（変形斜体）>italic<CharStyle:>に変換されます）。<ParaStyle:本文>　ただし、それ以外の<ParaStyle:箇条書き>・表、表のキャプション、注記は<CharStyle:イタリック（変形斜体）>italic<CharStyle:>記法に未対応<ParaStyle:箇条書き>・図やリストのキャプションは、<CharStyle:イタリック（変形斜体）>italic<CharStyle:>記法には対応していますが、<CharStyle:イタリック（変形斜体）>italic<CharStyle:>ではなく<CharStyle:イタリック>italic<CharStyle:>に変換される<ParaStyle:本文>という状況です。<ParaStyle:中見出し>赤字や太字の複数行一括指定<ParaStyle:本文>　たとえば、コードやコマンド中で、10行連続で太字にしたい場合などがあるかと思います。<ParaStyle:本文>　ただし現状は、1行ずつ<CharStyle:太字>強調（ボールド）<CharStyle:>や<CharStyle:赤字>赤文字<CharStyle:>で囲っていただくしか方法がございません。<ParaStyle:中見出し>箇条書き説明<ParaStyle:本文>　以下のような説明付きの箇条書きには対応していません。<ParaStyle:箇条書き>・箇条書きの項目<ParaStyle:箇条書き説明>箇条書きの説明文箇条書きの説明文箇条書きの説明文箇条書きの説明文箇条書きの説明文箇条書きの説明文箇条書きの説明文<ParaStyle:箇条書き>・箇条書きの項目<ParaStyle:箇条書き説明>箇条書きの説明文箇条書きの説明文箇条書きの説明文箇条書きの説明文箇条書きの説明文箇条書きの説明文箇条書きの説明文<ParaStyle:本文>　上記で項目と説明の間に空行を入れているのは便宜上です（markdown2inao.pl適用時に一段落になってしまうので）。<ParaStyle:中見出し>節番号（書籍のみ）<ParaStyle:本文>　節番号には対応していません。<ParaStyle:見出し0.0>2.6<ParaStyle:大見出し>節タイトル<ParaStyle:本文>　同様に、空行を入れているのは便宜上です。<ParaStyle:中見出し>半行アキの自動挿入<ParaStyle:本文>　以下の3スタイルは、スタイルがはじまる前の行に◆1/2行間◆（1行分の空行ではなく、半行分の空行）を入れる必要があるのですが、これが自動で入るようになるとうれしいです。<ParaStyle:箇条書き>・箇条書き<ParaStyle:箇条書き>・本文埋め込みコード<ParaStyle:箇条書き>・本文埋め込みコマンド<ParaStyle:中見出し>コラムでの自動使い分け<ParaStyle:本文>　本文と同じように書いても、コラム内の場合はそれぞれの行頭に以下のタグが入るようになるとうれしいです。<ParaStyle:コラム半行アキ>箇条書きなどの前の空行<ParaStyle:コラム箇条書き>箇条書き箇条書き箇条書き箇条書き箇条書き<ParaStyle:コラム箇条書き説明>箇条書きの説明文箇条書きの説明文箇条書きの説明文<ParaStyle:中見出し>未対応文字<ParaStyle:本文>　一部のキーボードフォントやウムラウトなどは未対応です。<ParaStyle:本文><cFont:Key Mother><005C><<cFont:><cFont:Key Mother><005C>><cFont:><ParaStyle:本文><00C4><00E4><00D6><00F6><00DC><00FC><ParaStyle:本文><00AC>